[1;97m  sentei ─ Remove worktrees[m

[38;5;241m  repo (bare)[m

[38;5;241m  ┄┄┄┄┄┄┄┄┄┄┄┄┄┄┄┄┄┄┄┄┄┄┄┄┄┄┄┄┄┄┄┄┄┄┄┄┄┄┄┄┄┄┄┄┄┄┄┄┄┄┄┄┄┄┄┄┄┄┄┄┄┄┄┄┄┄┄┄┄┄┄┄┄┄┄┄[m

[38;5;241m[m      [38;5;241m[m     [38;5;241m[m       [38;5;241mBranch[m                 [1;97mAge ▼[m           [38;5;241mSubject[m                
[1;97m▸ [m    [1;97m[ ][m  [1;97m[38;5;196m[!][m[m    [1;97mexperiment/x[m           [1;97m45 minutes ago[m  [1;97mSpike[m                  
[38;5;252m  [m    [38;5;252m[ ][m  [38;5;252m[38;5;214m[~][m[m    [38;5;252mfeature/dirty[m          [38;5;252m30 minutes ago[m  [38;5;252mWIP[m                    
[38;5;252m  [m    [38;5;252m[ ][m  [38;5;252m[38;5;42m[ok][m[m   [38;5;252mfeature/clean[m          [38;5;252m10 minutes ago[m  [38;5;252mAdd feature[m            
[38;5;252m  [m    [38;5;252m[38;5;63m[P][m[m  [38;5;252m[38;5;42m[ok][m[m   [38;5;252mmain[m                   [38;5;252m5 minutes ago[m   [38;5;252mInitial commit[m         
[38;5;241m  ┄┄┄┄┄┄┄┄┄┄┄┄┄┄┄┄┄┄┄┄┄┄┄┄┄┄┄┄┄┄┄┄┄┄┄┄┄┄┄┄┄┄┄┄┄┄┄┄┄┄┄┄┄┄┄┄┄┄┄┄┄┄┄┄┄┄┄┄┄┄┄┄┄┄┄┄[m
               
[38;5;241m  0 selected · [m[38;5;241mspace[m [38;5;241mtoggle[m[38;5;241m · [m[38;5;241m/[m [38;5;241mfilter[m[38;5;241m · [m[38;5;241m?[m [38;5;241mdetails[m[38;5;241m · [m[38;5;241mq[m [38;5;241mquit[m
[38;5;241m  [m[38;5;42m[ok][m[38;5;241m clean  [m[38;5;214m[~][m[38;5;241m dirty  [m[38;5;196m[!][m[38;5;241m untracked  [m[38;5;245m[L][m[38;5;241m locked  [m[38;5;63m[P][m[38;5;241m protected[m