[1;97m  sentei ─ Create worktree[m

[38;5;241m  repo · /repo[m

[38;5;241m  ┄┄┄┄┄┄┄┄┄┄┄┄┄┄┄┄┄┄┄┄┄┄┄┄┄┄┄┄┄┄┄┄┄┄┄┄┄┄┄┄┄┄┄┄┄┄┄┄┄┄┄┄┄┄┄┄┄┄┄┄┄┄┄┄┄┄┄┄┄┄┄┄┄┄┄┄[m

[38;5;62m  Branch name[m
  feat/demo[7m [m

  Base branch
    main

[38;5;241m  ┄┄┄┄┄┄┄┄┄┄┄┄┄┄┄┄┄┄┄┄┄┄┄┄┄┄┄┄┄┄┄┄┄┄┄┄┄┄┄┄┄┄┄┄┄┄┄┄┄┄┄┄┄┄┄┄┄┄┄┄┄┄┄┄┄┄┄┄┄┄┄┄┄┄┄┄[m

  [38;5;241menter[m [38;5;241mcontinue[m[38;5;241m · [m[38;5;241mctrl+enter[m [38;5;241mquick create[m[38;5;241m · [m[38;5;241mtab[m [38;5;241mswitch field[m[38;5;241m · [m[38;5;241mesc[m [38;5;241mback[m
