[1;97m  sentei ─ Cleanup complete[m

[38;5;241m  ┄┄┄┄┄┄┄┄┄┄┄┄┄┄┄┄┄┄┄┄┄┄┄┄┄┄┄┄┄┄┄┄┄┄┄┄┄┄┄┄┄┄┄┄┄┄┄┄┄┄┄┄┄┄┄┄┄┄┄┄┄┄┄┄┄┄┄┄┄┄┄┄┄┄┄┄[m

  [38;5;42m✦[m Pruned 2 stale remote refs
  [38;5;42m✦[m Deleted 1 branch with gone upstream
  [38;5;241m·[m No config duplicates
  [38;5;241m·[m No orphaned config sections
  [38;5;241m·[m No stale worktrees

[38;5;241m  ┄┄┄┄┄┄┄┄┄┄┄┄┄┄┄┄┄┄┄┄┄┄┄┄┄┄┄┄┄┄┄┄┄┄┄┄┄┄┄┄┄┄┄┄┄┄┄┄┄┄┄┄┄┄┄┄┄┄┄┄┄┄┄┄┄┄┄┄┄┄┄┄┄┄┄┄[m

  [38;5;241menter[m [38;5;241mquit[m
